[{"Transaction_date":"1/2/09 6:17", "Product":"Product1", "Price":1200, "Payment_Type":"Mastercard", "Name":"carolina", "City":"Basildon", "State":"England", "Country":"United Kingdom", "Account_Created":"1/2/09 6:00", "Last_Login":"1/2/09 6:08", "Latitude":51.5, "Longitude":-1.1166667},
 {"Transaction_date":"1/2/09 4:53", "Product":"Product1", "Price":1200, "Payment_Type":"Visa", "Name":"Betina", "City":"Parkville                   ", "State":"MO", "Country":"United States", "Account_Created":"1/2/09 4:42", "Last_Login":"1/2/09 7:49", "Latitude":39.195, "Longitude":-94.68194},
 {"Transaction_date":"1/2/09 13:08", "Product":"Product1", "Price":1200, "Payment_Type":"Mastercard", "Name":"Federica e Andrea", "City":"Astoria                     ", "State":"OR", "Country":"United States", "Account_Created":"1/1/09 16:21", "Last_Login":"1/3/09 12:32", "Latitude":46.18806, "Longitude":-123.83},
 {"Transaction_date":"1/3/09 14:44", "Product":"Product1", "Price":1200, "Payment_Type":"Visa", "Name":"Gouya", "City":"Echuca", "State":"Victoria", "Country":"Australia", "Account_Created":"9/25/05 21:13", "Last_Login":"1/3/09 14:22", "Latitude":-36.1333333, "Longitude":144.75},
 {"Transaction_date":"1/4/09 12:56", "Product":"Product2", "Price":3600, "Payment_Type":"Visa", "Name":"Gerd W ", "City":"Cahaba Heights              ", "State":"AL", "Country":"United States", "Account_Created":"11/15/08 15:47", "Last_Login":"1/4/09 12:45", "Latitude":33.52056, "Longitude":-86.8025},
 {"Transaction_date":"1/4/09 13:19", "Product":"Product1", "Price":1200, "Payment_Type":"Visa", "Name":"LAURENCE", "City":"Mickleton                   ", "State":"NJ", "Country":"United States", "Account_Created":"9/24/08 15:19", "Last_Login":"1/4/09 13:04", "Latitude":39.79, "Longitude":-75.23806},
 {"Transaction_date":"1/4/09 20:11", "Product":"Product1", "Price":1200, "Payment_Type":"Mastercard", "Name":"Fleur", "City":"Peoria                      ", "State":"IL", "Country":"United States", "Account_Created":"1/3/09 9:38", "Last_Login":"1/4/09 19:45", "Latitude":40.69361, "Longitude":-89.58889},
 {"Transaction_date":"1/2/09 20:09", "Product":"Product1", "Price":1200, "Payment_Type":"Mastercard", "Name":"adam", "City":"Martin                      ", "State":"TN", "Country":"United States", "Account_Created":"1/2/09 17:43", "Last_Login":"1/4/09 20:01", "Latitude":36.34333, "Longitude":-88.85028},
 {"Transaction_date":"1/4/09 13:17", "Product":"Product1", "Price":1200, "Payment_Type":"Mastercard", "Name":"Renee Elisabeth", "City":"Tel Aviv", "State":"Tel Aviv", "Country":"Israel", "Account_Created":"1/4/09 13:03", "Last_Login":"1/4/09 22:10", "Latitude":32.0666667, "Longitude":34.7666667},
 {"Transaction_date":"1/4/09 14:11", "Product":"Product1", "Price":1200, "Payment_Type":"Visa", "Name":"Aidan", "City":"Chatou", "State":"Ile-de-France", "Country":"France", "Account_Created":"6/3/08 4:22", "Last_Login":"1/5/09 1:17", "Latitude":48.8833333, "Longitude":2.15},
 {"Transaction_date":"1/5/09 2:42", "Product":"Product1", "Price":1200, "Payment_Type":"Diners", "Name":"Stacy", "City":"New York                    ", "State":"NY", "Country":"United States", "Account_Created":"1/5/09 2:23", "Last_Login":"1/5/09 4:59", "Latitude":40.71417, "Longitude":-74.00639},
 {"Transaction_date":"1/5/09 5:39", "Product":"Product1", "Price":1200, "Payment_Type":"Amex", "Name":"Heidi", "City":"Eindhoven", "State":"Noord-Brabant", "Country":"Netherlands", "Account_Created":"1/5/09 4:55", "Last_Login":"1/5/09 8:15", "Latitude":51.45, "Longitude":5.4666667},
 {"Transaction_date":"1/2/09 9:16", "Product":"Product1", "Price":1200, "Payment_Type":"Mastercard", "Name":"Sean ", "City":"Shavano Park                ", "State":"TX", "Country":"United States", "Account_Created":"1/2/09 8:32", "Last_Login":"1/5/09 9:05", "Latitude":29.42389, "Longitude":-98.49333},
 {"Transaction_date":"1/5/09 10:08", "Product":"Product1", "Price":1200, "Payment_Type":"Visa", "Name":"Georgia", "City":"Eagle                       ", "State":"ID", "Country":"United States", "Account_Created":"11/11/08 15:53", "Last_Login":"1/5/09 10:05", "Latitude":43.69556, "Longitude":-116.35306},
 {"Transaction_date":"1/2/09 14:18", "Product":"Product1", "Price":1200, "Payment_Type":"Visa", "Name":"Richard", "City":"Riverside                   ", "State":"NJ", "Country":"United States", "Account_Created":"12/9/08 12:07", "Last_Login":"1/5/09 11:01", "Latitude":40.03222, "Longitude":-74.95778},
 {"Transaction_date":"1/4/09 1:05", "Product":"Product1", "Price":1200, "Payment_Type":"Diners", "Name":"Leanne", "City":"Julianstown", "State":"Meath", "Country":"Ireland", "Account_Created":"1/4/09 0:00", "Last_Login":"1/5/09 13:36", "Latitude":53.6772222, "Longitude":-6.3191667},
 {"Transaction_date":"1/5/09 11:37", "Product":"Product1", "Price":1200, "Payment_Type":"Visa", "Name":"Janet", "City":"Ottawa", "State":"Ontario", "Country":"Canada", "Account_Created":"1/5/09 9:35", "Last_Login":"1/5/09 19:24", "Latitude":45.4166667, "Longitude":-75.7},
 {"Transaction_date":"1/6/09 5:02", "Product":"Product1", "Price":1200, "Payment_Type":"Diners", "Name":"barbara", "City":"Hyderabad", "State":"Andhra Pradesh", "Country":"India", "Account_Created":"1/6/09 2:41", "Last_Login":"1/6/09 7:52", "Latitude":17.3833333, "Longitude":78.4666667},
 {"Transaction_date":"1/6/09 7:45", "Product":"Product2", "Price":3600, "Payment_Type":"Visa", "Name":"Sabine", "City":"London", "State":"England", "Country":"United Kingdom", "Account_Created":"1/6/09 7:00", "Last_Login":"1/6/09 9:17", "Latitude":51.52721, "Longitude":0.14559},
 {"Transaction_date":"1/2/09 7:35", "Product":"Product1", "Price":1200, "Payment_Type":"Diners", "Name":"Hani", "City":"Salt Lake City              ", "State":"UT", "Country":"United States", "Account_Created":"12/30/08 5:44", "Last_Login":"1/6/09 10:52", "Latitude":40.76083, "Longitude":-111.89028},
 {"Transaction_date":"1/6/09 12:56", "Product":"Product1", "Price":1200, "Payment_Type":"Visa", "Name":"Jeremy", "City":"Manchester", "State":"England", "Country":"United Kingdom", "Account_Created":"1/6/09 10:58", "Last_Login":"1/6/09 13:31", "Latitude":53.5, "Longitude":-2.2166667},
 {"Transaction_date":"1/1/09 11:05", "Product":"Product1", "Price":1200, "Payment_Type":"Diners", "Name":"Janis", "City":"Ballynora", "State":"Cork", "Country":"Ireland", "Account_Created":"12/10/07 12:37", "Last_Login":"1/7/09 1:52", "Latitude":51.8630556, "Longitude":-8.58},
 {"Transaction_date":"1/5/09 4:10", "Product":"Product1", "Price":1200, "Payment_Type":"Mastercard", "Name":"Nicola", "City":"Roodepoort", "State":"Gauteng", "Country":"South Africa", "Account_Created":"1/5/09 2:33", "Last_Login":"1/7/09 5:13", "Latitude":-26.1666667, "Longitude":27.8666667},
 {"Transaction_date":"1/6/09 7:18", "Product":"Product1", "Price":1200, "Payment_Type":"Visa", "Name":"asuman", "City":"Chula Vista                 ", "State":"CA", "Country":"United States", "Account_Created":"1/6/09 7:07", "Last_Login":"1/7/09 7:08", "Latitude":32.64, "Longitude":-117.08333},
 {"Transaction_date":"1/2/09 1:11", "Product":"Product1", "Price":1200, "Payment_Type":"Mastercard", "Name":"Lena", "City":"Kuopio", "State":"Ita-Suomen Laani", "Country":"Finland", "Account_Created":"12/31/08 2:48", "Last_Login":"1/7/09 10:20", "Latitude":62.9, "Longitude":27.6833333},
 {"Transaction_date":"1/1/09 2:24", "Product":"Product1", "Price":1200, "Payment_Type":"Visa", "Name":"Lisa", "City":"Sugar Land                  ", "State":"TX", "Country":"United States", "Account_Created":"1/1/09 1:56", "Last_Login":"1/7/09 10:52", "Latitude":29.61944, "Longitude":-95.63472},
 {"Transaction_date":"1/7/09 8:08", "Product":"Product1", "Price":1200, "Payment_Type":"Diners", "Name":"Bryan Kerrene", "City":"New York                    ", "State":"NY", "Country":"United States", "Account_Created":"1/7/09 7:39", "Last_Login":"1/7/09 12:38", "Latitude":40.71417, "Longitude":-74.00639},
 {"Transaction_date":"1/2/09 2:57", "Product":"Product1", "Price":1200, "Payment_Type":"Visa", "Name":"chris", "City":"London", "State":"England", "Country":"United Kingdom", "Account_Created":"1/3/08 7:23", "Last_Login":"1/7/09 13:14", "Latitude":51.52721, "Longitude":0.14559},
 {"Transaction_date":"1/1/09 20:21", "Product":"Product1", "Price":1200, "Payment_Type":"Visa", "Name":"Maxine", "City":"Morton                      ", "State":"IL", "Country":"United States", "Account_Created":"10/24/08 6:48", "Last_Login":"1/7/09 20:49", "Latitude":40.61278, "Longitude":-89.45917},
 {"Transaction_date":"1/8/09 0:42", "Product":"Product1", "Price":1200, "Payment_Type":"Visa", "Name":"Family", "City":"Los Gatos                   ", "State":"CA", "Country":"United States", "Account_Created":"1/8/09 0:28", "Last_Login":"1/8/09 3:39", "Latitude":37.22667, "Longitude":-121.97361},
 {"Transaction_date":"1/8/09 3:56", "Product":"Product1", "Price":1200, "Payment_Type":"Mastercard", "Name":"Katherine", "City":"New York                    ", "State":"NY", "Country":"United States", "Account_Created":"1/8/09 3:33", "Last_Login":"1/8/09 6:19", "Latitude":40.71417, "Longitude":-74.00639},
 {"Transaction_date":"1/8/09 3:16", "Product":"Product1", "Price":1200, "Payment_Type":"Mastercard", "Name":"Linda", "City":"Miami                       ", "State":"FL", "Country":"United States", "Account_Created":"1/8/09 3:06", "Last_Login":"1/8/09 6:34", "Latitude":25.77389, "Longitude":-80.19389},
 {"Transaction_date":"1/8/09 1:59", "Product":"Product1", "Price":1200, "Payment_Type":"Mastercard", "Name":"SYLVIA", "City":"Vesenaz", "State":"Geneve", "Country":"Switzerland", "Account_Created":"11/28/07 11:56", "Last_Login":"1/8/09 7:20", "Latitude":46.2333333, "Longitude":6.2},
 {"Transaction_date":"1/3/09 9:03", "Product":"Product1", "Price":1200, "Payment_Type":"Diners", "Name":"Sheila", "City":"Brooklyn                    ", "State":"NY", "Country":"United States", "Account_Created":"1/3/09 8:47", "Last_Login":"1/8/09 10:38", "Latitude":40.65, "Longitude":-73.95},
 {"Transaction_date":"1/5/09 13:17", "Product":"Product1", "Price":1200, "Payment_Type":"Mastercard", "Name":"Stephanie", "City":"Badhoevedorp", "State":"Noord-Holland", "Country":"Netherlands", "Account_Created":"1/5/09 12:45", "Last_Login":"1/8/09 11:45", "Latitude":52.3333333, "Longitude":4.7833333},
 {"Transaction_date":"1/6/09 7:46", "Product":"Product1", "Price":1200, "Payment_Type":"Amex", "Name":"Kelly", "City":"Reston                      ", "State":"VA", "Country":"United States", "Account_Created":"1/6/09 7:30", "Last_Login":"1/8/09 12:40", "Latitude":38.96861, "Longitude":-77.34139},
 {"Transaction_date":"1/5/09 20:00", "Product":"Product2", "Price":3600, "Payment_Type":"Visa", "Name":"James", "City":"Burpengary", "State":"Queensland", "Country":"Australia", "Account_Created":"12/10/08 19:53", "Last_Login":"1/8/09 17:58", "Latitude":-27.1666667, "Longitude":152.95},
 {"Transaction_date":"1/8/09 16:24", "Product":"Product1", "Price":1200, "Payment_Type":"Visa", "Name":"jennifer", "City":"Phoenix                     ", "State":"AZ", "Country":"United States", "Account_Created":"1/8/09 15:57", "Last_Login":"1/8/09 18:30", "Latitude":33.44833, "Longitude":-112.07333},
 {"Transaction_date":"1/9/09 6:39", "Product":"Product1", "Price":1200, "Payment_Type":"Mastercard", "Name":"Anneli", "City":"Houston                     ", "State":"TX", "Country":"United States", "Account_Created":"1/9/09 5:09", "Last_Login":"1/9/09 7:11", "Latitude":29.76306, "Longitude":-95.36306},
 {"Transaction_date":"1/6/09 22:19", "Product":"Product2", "Price":3600, "Payment_Type":"Amex", "Name":"Ritz", "City":"Pittsfield                  ", "State":"VT", "Country":"United States", "Account_Created":"1/6/09 12:00", "Last_Login":"1/9/09 10:05", "Latitude":43.77222, "Longitude":-72.81333},
 {"Transaction_date":"1/6/09 23:00", "Product":"Product2", "Price":3600, "Payment_Type":"Amex", "Name":"Sylvia", "City":"Pittsfield                  ", "State":"VT", "Country":"United States", "Account_Created":"1/6/09 12:00", "Last_Login":"1/9/09 10:05", "Latitude":43.77222, "Longitude":-72.81333},
 {"Transaction_date":"1/7/09 7:44", "Product":"Product1", "Price":1200, "Payment_Type":"Mastercard", "Name":"Marie", "City":"Ball Ground                 ", "State":"GA", "Country":"United States", "Account_Created":"1/7/09 5:35", "Last_Login":"1/9/09 10:52", "Latitude":34.33806, "Longitude":-84.37667},
 {"Transaction_date":"1/3/09 13:24", "Product":"Product1", "Price":1200, "Payment_Type":"Visa", "Name":"Mehmet Fatih", "City":"Helsingor", "State":"Frederiksborg", "Country":"Denmark", "Account_Created":"1/3/09 12:47", "Last_Login":"1/9/09 11:14", "Latitude":56.0333333, "Longitude":12.6166667},
 {"Transaction_date":"1/7/09 15:12", "Product":"Product2", "Price":3600, "Payment_Type":"Visa", "Name":"Anabela", "City":"Flossmoor                   ", "State":"IL", "Country":"United States", "Account_Created":"1/5/09 19:55", "Last_Login":"1/9/09 16:03", "Latitude":41.54278, "Longitude":-87.68472},
 {"Transaction_date":"1/7/09 20:15", "Product":"Product1", "Price":1200, "Payment_Type":"Amex", "Name":"Nicole", "City":"Houston                     ", "State":"TX", "Country":"United States", "Account_Created":"1/7/09 17:17", "Last_Login":"1/9/09 20:02", "Latitude":29.76306, "Longitude":-95.36306},
 {"Transaction_date":"1/3/09 10:11", "Product":"Product2", "Price":3600, "Payment_Type":"Visa", "Name":"Christiane ", "City":"Delray Beach                ", "State":"FL", "Country":"United States", "Account_Created":"1/3/09 9:27", "Last_Login":"1/10/09 9:46", "Latitude":26.46111, "Longitude":-80.07306},
 {"Transaction_date":"1/9/09 15:58", "Product":"Product1", "Price":1200, "Payment_Type":"Mastercard", "Name":"Sari", "City":"Newbury", "State":"England", "Country":"United Kingdom", "Account_Created":"1/9/09 14:53", "Last_Login":"1/10/09 13:16", "Latitude":51.4, "Longitude":-1.3166667},
 {"Transaction_date":"1/3/09 13:11", "Product":"Product1", "Price":1200, "Payment_Type":"Mastercard", "Name":"simone", "City":"Kobenhavn", "State":"Kobenhavn", "Country":"Denmark", "Account_Created":"10/31/08 0:31", "Last_Login":"1/10/09 13:24", "Latitude":55.6666667, "Longitude":12.5833333},
 {"Transaction_date":"1/10/09 12:57", "Product":"Product1", "Price":1200, "Payment_Type":"Amex", "Name":"Vanessa", "City":"Sandy Springs               ", "State":"GA", "Country":"United States", "Account_Created":"2/7/07 20:16", "Last_Login":"1/10/09 14:09", "Latitude":33.92417, "Longitude":-84.37861},
 {"Transaction_date":"1/10/09 14:43", "Product":"Product1", "Price":1200, "Payment_Type":"Diners", "Name":"Anupam", "City":"Kinsaley", "State":"Dublin", "Country":"Ireland", "Account_Created":"1/9/09 11:38", "Last_Login":"1/10/09 14:37", "Latitude":53.4247222, "Longitude":-6.1758333},
 {"Transaction_date":"1/10/09 12:05", "Product":"Product1", "Price":1200, "Payment_Type":"Visa", "Name":"Karina", "City":"Fort Lauderdale             ", "State":"FL", "Country":"United States", "Account_Created":"7/1/08 12:53", "Last_Login":"1/10/09 16:33", "Latitude":26.12194, "Longitude":-80.14361},
 {"Transaction_date":"1/6/09 1:20", "Product":"Product1", "Price":1200, "Payment_Type":"Mastercard", "Name":"Frank", "City":"Melbourne", "State":"Victoria", "Country":"Australia", "Account_Created":"1/2/09 17:51", "Last_Login":"1/10/09 18:27", "Latitude":-37.8166667, "Longitude":144.9666667},
 {"Transaction_date":"1/10/09 14:56", "Product":"Product1", "Price":1200, "Payment_Type":"Visa", "Name":"Angela", "City":"Ankeny                      ", "State":"IA", "Country":"United States", "Account_Created":"1/8/09 3:06", "Last_Login":"1/10/09 19:41", "Latitude":41.72972, "Longitude":-93.60556},
 {"Transaction_date":"1/7/09 10:01", "Product":"Product1", "Price":1200, "Payment_Type":"Visa", "Name":"Darren", "City":"Pittsboro                   ", "State":"NC", "Country":"United States", "Account_Created":"1/7/09 9:04", "Last_Login":"1/10/09 20:02", "Latitude":35.72, "Longitude":-79.1775},
 {"Transaction_date":"1/1/09 1:26", "Product":"Product1", "Price":1200, "Payment_Type":"Mastercard", "Name":"Nikki", "City":"New Rochelle                ", "State":"NY", "Country":"United States", "Account_Created":"1/1/09 0:58", "Last_Login":"1/10/09 21:31", "Latitude":40.91139, "Longitude":-73.78278},
 {"Transaction_date":"1/11/09 2:04", "Product":"Product1", "Price":1200, "Payment_Type":"Visa", "Name":"chris", "City":"Gold Coast", "State":"Queensland", "Country":"Australia", "Account_Created":"1/11/09 0:33", "Last_Login":"1/11/09 2:11", "Latitude":-28.0, "Longitude":153.4333333},
 {"Transaction_date":"1/11/09 14:17", "Product":"Product1", "Price":1200, "Payment_Type":"Visa", "Name":"Stephanie", "City":"Brussels", "State":"Brussels (Bruxelles)", "Country":"Belgium", "Account_Created":"1/11/09 13:39", "Last_Login":"1/11/09 13:39", "Latitude":50.8333333, "Longitude":4.3333333},
 {"Transaction_date":"1/10/09 21:38", "Product":"Product1", "Price":1200, "Payment_Type":"Visa", "Name":"Anushka", "City":"Maple Ridge District Municipality", "State":"British Columbia", "Country":"Canada", "Account_Created":"1/10/09 21:17", "Last_Login":"1/11/09 19:32", "Latitude":49.25, "Longitude":-122.5},
 {"Transaction_date":"1/7/09 6:18", "Product":"Product1", "Price":1200, "Payment_Type":"Mastercard", "Name":"June ", "City":"Beachwood                   ", "State":"OH", "Country":"United States", "Account_Created":"2/23/06 11:56", "Last_Login":"1/11/09 19:35", "Latitude":41.46444, "Longitude":-81.50889},
 {"Transaction_date":"1/4/09 8:39", "Product":"Product2", "Price":3600, "Payment_Type":"Diners", "Name":"Baybars", "City":"Prince Albert", "State":"Saskatchewan", "Country":"Canada", "Account_Created":"1/3/09 17:17", "Last_Login":"1/11/09 21:05", "Latitude":53.2, "Longitude":-105.75},
 {"Transaction_date":"1/5/09 0:31", "Product":"Product1", "Price":1200, "Payment_Type":"Mastercard", "Name":"Bonnie", "City":"Saltsjobaden", "State":"Stockholm", "Country":"Sweden", "Account_Created":"1/4/09 23:45", "Last_Login":"1/12/09 0:37", "Latitude":59.2833333, "Longitude":18.3},
 {"Transaction_date":"1/2/09 6:07", "Product":"Product1", "Price":1200, "Payment_Type":"Visa", "Name":"Cindy ", "City":"Kemble", "State":"England", "Country":"United Kingdom", "Account_Created":"12/30/08 10:21", "Last_Login":"1/12/09 2:24", "Latitude":51.6766667, "Longitude":-2.0180556},
 {"Transaction_date":"1/12/09 3:25", "Product":"Product1", "Price":1200, "Payment_Type":"Mastercard", "Name":"chrissy", "City":"W Lebanon                   ", "State":"NH", "Country":"United States", "Account_Created":"1/12/09 3:12", "Last_Login":"1/12/09 3:22", "Latitude":43.64917, "Longitude":-72.31083},
 {"Transaction_date":"1/4/09 13:56", "Product":"Product1", "Price":1200, "Payment_Type":"Mastercard", "Name":"Tamar", "City":"Headley", "State":"England", "Country":"United Kingdom", "Account_Created":"11/29/07 9:23", "Last_Login":"1/12/09 5:38", "Latitude":51.1166667, "Longitude":-0.8166667},
 {"Transaction_date":"1/7/09 0:12", "Product":"Product2", "Price":3600, "Payment_Type":"Mastercard", "Name":"Deirdre", "City":"Lausanne", "State":"Vaud", "Country":"Switzerland", "Account_Created":"12/1/08 6:25", "Last_Login":"1/12/09 6:55", "Latitude":46.5333333, "Longitude":6.6666667},
 {"Transaction_date":"1/12/09 5:18", "Product":"Product1", "Price":1200, "Payment_Type":"Mastercard", "Name":"Bernadett", "City":"Southampton", "State":"England", "Country":"United Kingdom", "Account_Created":"1/12/09 4:45", "Last_Login":"1/12/09 8:08", "Latitude":50.9, "Longitude":-1.4},
 {"Transaction_date":"1/8/09 15:16", "Product":"Product1", "Price":1200, "Payment_Type":"Visa", "Name":"Dottie", "City":"Woodsboro                   ", "State":"MD", "Country":"United States", "Account_Created":"1/8/09 14:56", "Last_Login":"1/12/09 9:29", "Latitude":39.53306, "Longitude":-77.315},
 {"Transaction_date":"1/11/09 11:33", "Product":"Product1", "Price":1200, "Payment_Type":"Visa", "Name":"Stefan", "City":"Stavanger", "State":"Rogaland", "Country":"Norway", "Account_Created":"1/11/09 9:02", "Last_Login":"1/12/09 10:37", "Latitude":58.9666667, "Longitude":5.75},
 {"Transaction_date":"1/7/09 20:22", "Product":"Product1", "Price":1200, "Payment_Type":"Visa", "Name":"Gina", "City":"Red Deer", "State":"Alberta", "Country":"Canada", "Account_Created":"11/23/08 19:30", "Last_Login":"1/12/09 12:24", "Latitude":52.2666667, "Longitude":-113.8},
 {"Transaction_date":"1/2/09 22:00", "Product":"Product1", "Price":1200, "Payment_Type":"Diners", "Name":"Lynne", "City":"Memphis                     ", "State":"TN", "Country":"United States", "Account_Created":"1/2/09 21:04", "Last_Login":"1/12/09 13:18", "Latitude":35.14944, "Longitude":-90.04889},
 {"Transaction_date":"1/5/09 13:52", "Product":"Product1", "Price":1200, "Payment_Type":"Mastercard", "Name":"Tammy", "City":"Morges", "State":"Vaud", "Country":"Switzerland", "Account_Created":"1/5/09 5:55", "Last_Login":"1/12/09 14:04", "Latitude":46.5166667, "Longitude":6.5},
 {"Transaction_date":"1/8/09 20:32", "Product":"Product1", "Price":1200, "Payment_Type":"Visa", "Name":"Kim", "City":"Calgary", "State":"Alberta", "Country":"Canada", "Account_Created":"1/8/09 20:21", "Last_Login":"1/12/09 14:07", "Latitude":51.0833333, "Longitude":-114.0833333},
 {"Transaction_date":"1/8/09 13:34", "Product":"Product1", "Price":1200, "Payment_Type":"Visa", "Name":"Bruce", "City":"Belleville", "State":"Ontario", "Country":"Canada", "Account_Created":"1/6/09 14:38", "Last_Login":"1/12/09 18:31", "Latitude":44.1666667, "Longitude":-77.3833333},
 {"Transaction_date":"1/11/09 13:08", "Product":"Product1", "Price":1200, "Payment_Type":"Visa", "Name":"Rosa Maria", "City":"Cincinnati                  ", "State":"OH", "Country":"United States", "Account_Created":"1/11/09 12:38", "Last_Login":"1/12/09 18:44", "Latitude":39.16194, "Longitude":-84.45694},
 {"Transaction_date":"1/12/09 19:04", "Product":"Product1", "Price":1200, "Payment_Type":"Visa", "Name":"Lydia", "City":"Comox", "State":"British Columbia", "Country":"Canada", "Account_Created":"9/20/08 20:53", "Last_Login":"1/12/09 19:01", "Latitude":49.6833333, "Longitude":-124.9333333},
 {"Transaction_date":"1/12/09 13:41", "Product":"Product1", "Price":1200, "Payment_Type":"Visa", "Name":"Eric", "City":"Gasperich", "State":"Luxembourg", "Country":"Luxembourg", "Account_Created":"1/12/09 13:16", "Last_Login":"1/13/09 1:03", "Latitude":49.5855556, "Longitude":6.1230556},
 {"Transaction_date":"1/11/09 10:38", "Product":"Product1", "Price":1200, "Payment_Type":"Mastercard", "Name":"AnaPaula", "City":"Helens Bay", "State":"Northern Ireland", "Country":"United Kingdom", "Account_Created":"9/4/08 9:26", "Last_Login":"1/13/09 2:36", "Latitude":54.65, "Longitude":-5.7333333},
 {"Transaction_date":"1/13/09 5:57", "Product":"Product1", "Price":1200, "Payment_Type":"Visa", "Name":"Robin", "City":"Milan", "State":"Lombardy", "Country":"Italy", "Account_Created":"10/15/08 5:31", "Last_Login":"1/13/09 5:55", "Latitude":45.4666667, "Longitude":9.2},
 {"Transaction_date":"1/13/09 6:13", "Product":"Product1", "Price":1200, "Payment_Type":"Visa", "Name":"Gitte", "City":"Staten Island               ", "State":"NY", "Country":"United States", "Account_Created":"1/13/09 5:17", "Last_Login":"1/13/09 7:33", "Latitude":40.63667, "Longitude":-74.15917},
 {"Transaction_date":"1/8/09 13:14", "Product":"Product1", "Price":1200, "Payment_Type":"Visa", "Name":"Dr. Claudia", "City":"Oslo", "State":"Oslo", "Country":"Norway", "Account_Created":"1/8/09 12:47", "Last_Login":"1/13/09 10:49", "Latitude":59.9166667, "Longitude":10.75},
 {"Transaction_date":"1/2/09 11:41", "Product":"Product1", "Price":1200, "Payment_Type":"Visa", "Name":"Crystal", "City":"Farmington", "State":"Michigan", "Country":"United States", "Account_Created":"1/1/09 12:00", "Last_Login":"1/13/09 18:34", "Latitude":42.46444, "Longitude":-83.37639},
 {"Transaction_date":"1/7/09 19:50", "Product":"Product1", "Price":1200, "Payment_Type":"Diners", "Name":"Delphine", "City":"Santa Monica                ", "State":"CA", "Country":"United States", "Account_Created":"1/3/09 12:04", "Last_Login":"1/13/09 20:17", "Latitude":34.01944, "Longitude":-118.49028},
 {"Transaction_date":"1/1/09 20:28", "Product":"Product1", "Price":1200, "Payment_Type":"Visa", "Name":"nathalie", "City":"Calgary", "State":"Alberta", "Country":"Canada", "Account_Created":"1/1/09 20:11", "Last_Login":"1/13/09 21:11", "Latitude":51.0833333, "Longitude":-114.0833333},
 {"Transaction_date":"1/3/09 15:22", "Product":"Product1", "Price":1200, "Payment_Type":"Mastercard", "Name":"Lindi", "City":"Vancouver", "State":"British Columbia", "Country":"Canada", "Account_Created":"2/20/08 22:45", "Last_Login":"1/13/09 23:02", "Latitude":49.25, "Longitude":-123.1333333},
 {"Transaction_date":"1/12/09 3:03", "Product":"Product2", "Price":3600, "Payment_Type":"Mastercard", "Name":"Valda", "City":"Irvine                      ", "State":"CA", "Country":"United States", "Account_Created":"1/12/09 2:48", "Last_Login":"1/14/09 1:07", "Latitude":33.66944, "Longitude":-117.82222},
 {"Transaction_date":"1/5/09 8:58", "Product":"Product2", "Price":3600, "Payment_Type":"Mastercard", "Name":"Marcia", "City":"Telgte", "State":"Nordrhein-Westfalen", "Country":"Germany", "Account_Created":"9/1/08 3:39", "Last_Login":"1/14/09 2:07", "Latitude":52.3333333, "Longitude":7.9},
 {"Transaction_date":"1/10/09 14:03", "Product":"Product1", "Price":1200, "Payment_Type":"Mastercard", "Name":"Kevin", "City":"Cheltenham", "State":"England", "Country":"United Kingdom", "Account_Created":"3/13/06 4:56", "Last_Login":"1/14/09 2:22", "Latitude":51.9, "Longitude":-2.0833333},
 {"Transaction_date":"1/13/09 11:26", "Product":"Product1", "Price":1200, "Payment_Type":"Visa", "Name":"Clare", "City":"Keller                      ", "State":"VA", "Country":"United States", "Account_Created":"1/13/09 11:15", "Last_Login":"1/14/09 2:39", "Latitude":37.61917, "Longitude":-75.76417},
 {"Transaction_date":"1/2/09 12:18", "Product":"Product1", "Price":1200, "Payment_Type":"Visa", "Name":"Alice", "City":"Nakskov", "State":"Storstrom", "Country":"Denmark", "Account_Created":"12/5/07 11:37", "Last_Login":"1/14/09 4:05", "Latitude":54.8333333, "Longitude":11.15},
 {"Transaction_date":"1/14/09 4:54", "Product":"Product1", "Price":1200, "Payment_Type":"Mastercard", "Name":"ZENA", "City":"Honolulu                    ", "State":"HI", "Country":"United States", "Account_Created":"1/14/09 4:34", "Last_Login":"1/14/09 4:43", "Latitude":21.30694, "Longitude":-157.85833},
 {"Transaction_date":"1/6/09 17:15", "Product":"Product1", "Price":1200, "Payment_Type":"Visa", "Name":"Andrea", "City":"Bubuieci", "State":"Chisinau", "Country":"Moldova", "Account_Created":"12/24/08 17:31", "Last_Login":"1/14/09 10:27", "Latitude":46.985, "Longitude":28.9425},
 {"Transaction_date":"1/3/09 13:56", "Product":"Product1", "Price":1200, "Payment_Type":"Visa", "Name":"Rennae", "City":"Amelia Island               ", "State":"FL", "Country":"United States", "Account_Created":"1/3/09 12:30", "Last_Login":"1/14/09 13:03", "Latitude":30.66944, "Longitude":-81.46278},
 {"Transaction_date":"1/4/09 7:54", "Product":"Product1", "Price":1200, "Payment_Type":"Visa", "Name":"Gerhard", "City":"Alliston", "State":"Ontario", "Country":"Canada", "Account_Created":"10/21/05 21:49", "Last_Login":"1/14/09 13:06", "Latitude":44.15, "Longitude":-79.8666667},
 {"Transaction_date":"1/12/09 7:28", "Product":"Product1", "Price":1200, "Payment_Type":"Amex", "Name":"Megan", "City":"La Alberca", "State":"Murcia", "Country":"Spain", "Account_Created":"12/10/08 16:41", "Last_Login":"1/14/09 13:44", "Latitude":37.9333333, "Longitude":-1.1333333},
 {"Transaction_date":"1/6/09 15:15", "Product":"Product1", "Price":1200, "Payment_Type":"Mastercard", "Name":"Danielle", "City":"Rathgar", "State":"Dublin", "Country":"Ireland", "Account_Created":"1/6/09 14:59", "Last_Login":"1/14/09 14:33", "Latitude":53.3122222, "Longitude":-6.2683333},
 {"Transaction_date":"1/13/09 23:56", "Product":"Product1", "Price":1200, "Payment_Type":"Mastercard", "Name":"Tod", "City":"Coral Gables                ", "State":"FL", "Country":"United States", "Account_Created":"1/13/09 23:13", "Last_Login":"1/14/09 15:17", "Latitude":25.72111, "Longitude":-80.26861},
 {"Transaction_date":"1/14/09 19:32", "Product":"Product1", "Price":1200, "Payment_Type":"Visa", "Name":"Janaina", "City":"Miami                       ", "State":"FL", "Country":"United States", "Account_Created":"12/16/08 22:19", "Last_Login":"1/14/09 19:28", "Latitude":25.77389, "Longitude":-80.19389},
 {"Transaction_date":"1/6/09 21:13", "Product":"Product1", "Price":1200, "Payment_Type":"Visa", "Name":"Kofi", "City":"Vancouver", "State":"British Columbia", "Country":"Canada", "Account_Created":"1/7/08 21:16", "Last_Login":"1/14/09 20:50", "Latitude":49.25, "Longitude":-123.1333333},
 {"Transaction_date":"1/14/09 11:19", "Product":"Product1", "Price":1200, "Payment_Type":"Visa", "Name":"Jennifer", "City":"Jumeira", "State":"Dubayy", "Country":"United Arab Emirates", "Account_Created":"1/14/09 10:44", "Last_Login":"1/14/09 21:26", "Latitude":25.2097222, "Longitude":55.2477778}]